[test.b12sites.com/index.html]
[backblue.gif]
[fade.gif]
[index.html]
[code.jquery.com/jquery-3.3.1.min.js]
[test.b12sites.com/assets/fonts/muli-vietnamese-normal-400.woff2]
[test.b12sites.com/assets/fonts/muli-latin-ext-normal-400.woff2]
[test.b12sites.com/assets/fonts/muli-latin-normal-400.woff2]
[test.b12sites.com/assets/fonts/muli-vietnamese-normal-500.woff2]
[test.b12sites.com/assets/fonts/muli-latin-ext-normal-500.woff2]
[test.b12sites.com/assets/fonts/muli-latin-normal-500.woff2]
[test.b12sites.com/assets/fonts/muli-vietnamese-normal-600.woff2]
[test.b12sites.com/assets/fonts/muli-latin-ext-normal-600.woff2]
[test.b12sites.com/assets/fonts/muli-latin-normal-600.woff2]
[test.b12sites.com/assets/fonts/muli-vietnamese-normal-700.woff2]
[test.b12sites.com/assets/fonts/muli-latin-ext-normal-700.woff2]
[test.b12sites.com/assets/fonts/muli-latin-normal-700.woff2]
[test.b12sites.com/assets/fonts/fontawesome-webfont-674f50d287a8c48dc19ba404d20fe713.eot]
[test.b12sites.com/assets/fonts/fontawesome-webfont-674f50d287a8c48dc19ba404d20fe713d41d.eot]
[test.b12sites.com/assets/fonts/fontawesome-webfont-fee66e712a8a08eef5805a46892932ad.1e.delayed]
[test.b12sites.com/assets/fonts/fontawesome-webfont-fee66e712a8a08eef5805a46892932ad.woff]
[test.b12sites.com/assets/fonts/fontawesome-webfont-b06871f281fee6b241d60582ae9369b9.ttf]
[test.b12sites.com/assets/fonts/fontawesome-webfont-912ec66d7572ff821749319396470bde.svg]
[test.b12sites.com/assets/fonts/ajax-loader-c5cd7f5300576ab4c88202b42f6ded62.gif]
[test.b12sites.com/assets/fonts/slick-ced611daf7709cc778da928fec876475.eot]
[test.b12sites.com/assets/fonts/slick-ced611daf7709cc778da928fec876475d41d.eot]
[test.b12sites.com/assets/fonts/slick-b7c9e1e479de3b53f1e4e30ebac2403a.woff]
[test.b12sites.com/assets/fonts/slick-d41f55a78e6f49a5512878df1737e58a.ttf]
[test.b12sites.com/assets/fonts/slick-f97e3bbf73254b0112091d0192f17aec.svg]
[test.b12sites.com/index-2.html]
[cdn.b12.io/client_media/Ks3VpJwP/dc70a392-3c5a-11ee-a6d9-0242ac110002-png-regular_image.jpg]
[test.b12sites.com/window.35.delayed]
[cdn.b12.io/media/0e1d423c-3c8f-11e8-9369-0242ac11000f-space-desk-office-computer-hero_image.jpg]
[cdn.b12.io/media/e6228850-3c93-11e8-9369-0242ac11000f-pexels-photo-129205-hero_image.jpg]
[test.b12sites.com/dell-computers-1658502.html]
[cdn.b12.io/client_media/Ks3VpJwP/5c00a724-3c60-11ee-a8d1-0242ac110002-png-regular_image.png]
[test.b12sites.com/apple-computers-1658503.html]
[cdn.b12.io/media/e4acad70-3c8e-11e8-9369-0242ac11000f-desk-computer-imac-home-regular_image.jpg]
[test.b12sites.com/computer-accessories-and-printers-1658504.html]
[cdn.b12.io/media/03e44f18-3c94-11e8-9369-0242ac11000f-office-home-glasses-workspace-regular_image.jpg]
[test.b12sites.com/assets/bundle-26df06bbde665912c7803cd668f15047.js]
[test.b12sites.com/scheduling.html]
[test.b12sites.com/request-form-476375.html]
[cdn.b12.io/prod_traffic/global.js]
[www.google.com/recaptcha/apifb47.js]
[test.b12sites.com/index.html]
[test.b12sites.com/assets/fonts/fontawesome-webfont-fee66e712a8a08eef5805a46892932ad.html]
[test.b12sites.com/assets/fonts/fontawesome-webfont-912ec66d7572ff821749319396470bde.svg]
[test.b12sites.com/assets/fonts/slick-f97e3bbf73254b0112091d0192f17aec.svg]
[test.b12sites.com/index-2.html]
[test.b12sites.com/window.html]
[cdn.b12.io/client_media/Ks3VpJwP/5ba88b0c-3c60-11ee-a8d1-0242ac110002-png-hero_image.png]
[test.b12sites.com/dell-computers-1658502.html]
[cdn.b12.io/media/e4309d2a-3c8e-11e8-9369-0242ac11000f-desk-computer-imac-home-hero_image.jpg]
[test.b12sites.com/apple-computers-1658503.html]
[cdn.b12.io/media/039a877a-3c94-11e8-9369-0242ac11000f-office-home-glasses-workspace-hero_image.jpg]
[test.b12sites.com/computer-accessories-and-printers-1658504.html]
[test.b12sites.com/scheduling.html]
[test.b12sites.com/request-form-476375.html]
